// Jest Snapshot v1, https://goo.gl/fbAQLP

exports[`App Renders Correctly 1`] = `
Array [
  <nav
    className="navbar navbar-expand-lg navbar-dark primary-bg"
  >
    <div
      className="container-fluid"
    >
      <div>
        <a
          aria-current="page"
          className="me-2 text-white active"
          href="/"
          onClick={[Function]}
        >
          <svg
            fill="currentColor"
            height="1em"
            stroke="currentColor"
            strokeWidth="0"
            style={
              Object {
                "color": undefined,
              }
            }
            viewBox="0 0 448 512"
            width="1em"
            xmlns="http://www.w3.org/2000/svg"
          >
            <path
              d="M257.5 445.1l-22.2 22.2c-9.4 9.4-24.6 9.4-33.9 0L7 273c-9.4-9.4-9.4-24.6 0-33.9L201.4 44.7c9.4-9.4 24.6-9.4 33.9 0l22.2 22.2c9.5 9.5 9.3 25-.4 34.3L136.6 216H424c13.3 0 24 10.7 24 24v32c0 13.3-10.7 24-24 24H136.6l120.5 114.8c9.8 9.3 10 24.8.4 34.3z"
            />
          </svg>
        </a>
        <strong
          className="text-white"
        >
          2022-03-17
        </strong>
      </div>
      <div>
        <span
          className="text-white"
        >
          Covid-19 Cases
        </span>
      </div>
      <div
        className="d-flex"
      >
        <a
          aria-current="page"
          className="text-white me-3 active"
          href="/"
          onClick={[Function]}
        >
          <svg
            fill="currentColor"
            height="1em"
            stroke="currentColor"
            strokeWidth="0"
            style={
              Object {
                "color": undefined,
              }
            }
            viewBox="0 0 352 512"
            width="1em"
            xmlns="http://www.w3.org/2000/svg"
          >
            <path
              d="M176 352c53.02 0 96-42.98 96-96V96c0-53.02-42.98-96-96-96S80 42.98 80 96v160c0 53.02 42.98 96 96 96zm160-160h-16c-8.84 0-16 7.16-16 16v48c0 74.8-64.49 134.82-140.79 127.38C96.71 376.89 48 317.11 48 250.3V208c0-8.84-7.16-16-16-16H16c-8.84 0-16 7.16-16 16v40.16c0 89.64 63.97 169.55 152 181.69V464H96c-8.84 0-16 7.16-16 16v16c0 8.84 7.16 16 16 16h160c8.84 0 16-7.16 16-16v-16c0-8.84-7.16-16-16-16h-56v-33.77C285.71 418.47 352 344.9 352 256v-48c0-8.84-7.16-16-16-16z"
            />
          </svg>
        </a>
        <a
          aria-current="page"
          className="text-white active"
          href="/"
          onClick={[Function]}
        >
          <svg
            fill="currentColor"
            height="1em"
            stroke="currentColor"
            strokeWidth="0"
            style={
              Object {
                "color": undefined,
              }
            }
            viewBox="0 0 512 512"
            width="1em"
            xmlns="http://www.w3.org/2000/svg"
          >
            <path
              d="M487.4 315.7l-42.6-24.6c4.3-23.2 4.3-47 0-70.2l42.6-24.6c4.9-2.8 7.1-8.6 5.5-14-11.1-35.6-30-67.8-54.7-94.6-3.8-4.1-10-5.1-14.8-2.3L380.8 110c-17.9-15.4-38.5-27.3-60.8-35.1V25.8c0-5.6-3.9-10.5-9.4-11.7-36.7-8.2-74.3-7.8-109.2 0-5.5 1.2-9.4 6.1-9.4 11.7V75c-22.2 7.9-42.8 19.8-60.8 35.1L88.7 85.5c-4.9-2.8-11-1.9-14.8 2.3-24.7 26.7-43.6 58.9-54.7 94.6-1.7 5.4.6 11.2 5.5 14L67.3 221c-4.3 23.2-4.3 47 0 70.2l-42.6 24.6c-4.9 2.8-7.1 8.6-5.5 14 11.1 35.6 30 67.8 54.7 94.6 3.8 4.1 10 5.1 14.8 2.3l42.6-24.6c17.9 15.4 38.5 27.3 60.8 35.1v49.2c0 5.6 3.9 10.5 9.4 11.7 36.7 8.2 74.3 7.8 109.2 0 5.5-1.2 9.4-6.1 9.4-11.7v-49.2c22.2-7.9 42.8-19.8 60.8-35.1l42.6 24.6c4.9 2.8 11 1.9 14.8-2.3 24.7-26.7 43.6-58.9 54.7-94.6 1.5-5.5-.7-11.3-5.6-14.1zM256 336c-44.1 0-80-35.9-80-80s35.9-80 80-80 80 35.9 80 80-35.9 80-80 80z"
            />
          </svg>
        </a>
      </div>
    </div>
  </nav>,
  <div
    className="card bg-primary body-bg border-0 rounded-0"
  >
    <div
      className="row g-0"
    >
      <div
        className="col-6"
      >
        <img
          alt=""
          className="w-100"
          src="img2.png"
        />
      </div>
      <div
        className="col-6 align-self-center"
      >
        <div
          className="card-body"
        >
          <h5
            className="card-title text-white"
          >
            WORLD
          </h5>
          <p
            className="card-text text-white"
          >
            
             
            Cases
          </p>
        </div>
      </div>
      <form
        className="form px-5 mb-3"
      >
        <input
          aria-label="Search"
          className="form-control w-100"
          onChange={[Function]}
          placeholder="Search"
          type="search"
          value=""
        />
      </form>
    </div>
  </div>,
  <div
    className="body-bg text-white px-2 tab-bg"
  >
    <strong>
      COVID-19 CASES BY COUNTRY
    </strong>
  </div>,
  <div>
    <div
      className="row row-cols-2 row-cols-md-6 g-4 m-0"
    />
  </div>,
]
`;
