// Jest Snapshot v1, https://goo.gl/fbAQLP

exports[`Renders homepage correctly 1`] = `
Array [
  <div
    className="card bg-primary body-bg border-0 rounded-0"
  >
    <div
      className="row g-0"
    >
      <div
        className="col-6"
      >
        <img
          alt=""
          className="w-100"
          src="img2.png"
        />
      </div>
      <div
        className="col-6 align-self-center"
      >
        <div
          className="card-body"
        >
          <h5
            className="card-title text-white"
          >
            WORLD
          </h5>
          <p
            className="card-text text-white"
          >
            
             
            Cases
          </p>
        </div>
      </div>
      <form
        className="form px-5 mb-3"
      >
        <input
          aria-label="Search"
          className="form-control w-100"
          onChange={[Function]}
          placeholder="Search"
          type="search"
          value=""
        />
      </form>
    </div>
  </div>,
  <div
    className="body-bg text-white px-2 tab-bg"
  >
    <strong>
      COVID-19 CASES BY COUNTRY
    </strong>
  </div>,
  <div>
    <div
      className="row row-cols-2 row-cols-md-6 g-4 m-0"
    />
  </div>,
]
`;
